[2026-07-21 06:36:01:361] [[31merror[39m]: [31m[39m
[31mInvalid `prisma.surveySite.count()` invocation in[39m
[31mD:\Code-SID\Blu_Smart_Charge_Survey\backend\src\modules\dashboard\dashboard.service.js:18:23[39m

[31m  15 prisma.user.count({ where: { isDeleted: false } }),[39m
[31m  16 prisma.surveySite.count({ where: { isDeleted: false } }),[39m
[31m  17 prisma.surveySite.count({ where: { isDeleted: false, status: "PENDING" } }),[39m
[31m→ 18 prisma.surveySite.count([39m
[31mCan't reach database server at `127.0.0.1:5432`[39m

[31mPlease make sure your database server is running at `127.0.0.1:5432`. - /api/v1/dashboard - GET - ::1[39m
[2026-07-21 22:12:49:1249] [[31merror[39m]: [31m[39m
[31mInvalid `prisma.user.count()` invocation in[39m
[31mD:\Code-SID\Blu_Smart_Charge_Survey\backend\src\modules\dashboard\dashboard.service.js:15:17[39m

[31m  12   approvedSurveyCount,[39m
[31m  13   assignmentCount,[39m
[31m  14 ] = await Promise.all([[39m
[31m→ 15   prisma.user.count([39m
[31mCan't reach database server at `127.0.0.1:5432`[39m

[31mPlease make sure your database server is running at `127.0.0.1:5432`. - /api/v1/dashboard - GET - ::1[39m
[2026-07-22 22:38:23:3823] [[31merror[39m]: [31m[39m
[31mInvalid `prisma.user.count()` invocation in[39m
[31mD:\Code-SID\Blu_Smart_Charge_Survey\backend\src\modules\dashboard\dashboard.service.js:15:17[39m

[31m  12   approvedSurveyCount,[39m
[31m  13   assignmentCount,[39m
[31m  14 ] = await Promise.all([[39m
[31m→ 15   prisma.user.count([39m
[31mCan't reach database server at `127.0.0.1:5432`[39m

[31mPlease make sure your database server is running at `127.0.0.1:5432`. - /api/v1/dashboard - GET - ::1[39m
[2026-07-23 01:51:12:5112] [[31merror[39m]: [31m[39m
[31mInvalid `prisma.surveySite.count()` invocation in[39m
[31mD:\Code-SID\Blu_Smart_Charge_Survey\backend\src\modules\dashboard\dashboard.service.js:17:23[39m

[31m  14 ] = await Promise.all([[39m
[31m  15   prisma.user.count({ where: { isDeleted: false } }),[39m
[31m  16   prisma.surveySite.count({ where: { isDeleted: false } }),[39m
[31m→ 17   prisma.surveySite.count([39m
[31mCan't reach database server at `127.0.0.1:5432`[39m

[31mPlease make sure your database server is running at `127.0.0.1:5432`. - /api/v1/dashboard - GET - ::1[39m
[2026-07-23 02:36:07:367] [[31merror[39m]: [31mError compressing image: Input file contains unsupported image format[39m
[2026-07-23 02:36:13:3613] [[31merror[39m]: [31mError compressing image: Input file contains unsupported image format[39m
[2026-07-23 02:36:19:3619] [[31merror[39m]: [31mError compressing image: Input file contains unsupported image format[39m
[2026-07-23 04:47:49:4749] [[31merror[39m]: [31mError compressing image: Input file contains unsupported image format[39m
[2026-07-23 04:47:53:4753] [[31merror[39m]: [31mError compressing image: Input file contains unsupported image format[39m
[2026-07-23 04:47:58:4758] [[31merror[39m]: [31mError compressing image: Input file contains unsupported image format[39m
[2026-07-23 04:52:30:5230] [[31merror[39m]: [31mError compressing image: Input file contains unsupported image format[39m
[2026-07-23 04:52:39:5239] [[31merror[39m]: [31mError compressing image: Input file contains unsupported image format[39m
[2026-07-23 23:57:18:5718] [[31merror[39m]: [31mError compressing image: Input file contains unsupported image format[39m
[2026-07-23 23:57:28:5728] [[31merror[39m]: [31mError compressing image: Input file contains unsupported image format[39m
